<html><head><script src="/scripts/requester.js"></script></script><script src="/scripts/router-legacy.js"></script></head><body><div id="app"></div></body></html>