<html><head><script src="/scripts/requester.js"></script><script src="/scripts/router-legacy.js"></script><template id="page-/"><div>Hello from Page 1.</div></template></head><body><div id="app"></div></body></html>