<html><head><script src="/scripts/router.js"></script><template id="page-/"><div>Hello from Page 1.</div></template><template id="page-/page2"><div>Hello from Page 2.</div></template><script></script><script>/*Global script*/</script></head><body></body></html>